<?xml version="1.0" encoding="utf-8"?><testsuites><testsuite name="pytest" errors="0" failures="0" skipped="0" tests="4" time="11.759" timestamp="2023-11-16T12:48:55.076620" hostname="DESKTOP-G9D9NJ6"><testcase classname="tests.model.test_model.TestModel" name="test_model_fit" time="4.859" /><testcase classname="tests.model.test_model.TestModel" name="test_model_predict" time="0.192" /><testcase classname="tests.model.test_model.TestModel" name="test_model_preprocess_for_serving" time="0.182" /><testcase classname="tests.model.test_model.TestModel" name="test_model_preprocess_for_training" time="4.634" /></testsuite></testsuites>